GowinSynthesis start
Running parser ...
Analyzing Verilog file 'C:\OneDrive\Prog\FPGA\Gowin\TangNano4k\Int_Clk\src\gowin_osc\gowin_osc.v'
Analyzing Verilog file 'C:\OneDrive\Prog\FPGA\Gowin\TangNano4k\Int_Clk\src\top.v'
Undeclared symbol 'internal_osc', assumed default net type 'wire'("C:\OneDrive\Prog\FPGA\Gowin\TangNano4k\Int_Clk\src\top.v":13)
Undeclared symbol 'clkout27', assumed default net type 'wire'("C:\OneDrive\Prog\FPGA\Gowin\TangNano4k\Int_Clk\src\top.v":18)
Analyzing Verilog file 'C:\OneDrive\Prog\FPGA\Gowin\TangNano4k\Int_Clk\src\gowin_pllvr\gowin_pllvr.v'
Compiling module 'top'("C:\OneDrive\Prog\FPGA\Gowin\TangNano4k\Int_Clk\src\top.v":1)
Compiling module 'Gowin_OSC'("C:\OneDrive\Prog\FPGA\Gowin\TangNano4k\Int_Clk\src\gowin_osc\gowin_osc.v":9)
Compiling module 'Gowin_PLLVR'("C:\OneDrive\Prog\FPGA\Gowin\TangNano4k\Int_Clk\src\gowin_pllvr\gowin_pllvr.v":9)
NOTE  (EX0101) : Current top module is "top"
[5%] Running netlist conversion ...
Running device independent optimization ...
[10%] Optimizing Phase 0 completed
[15%] Optimizing Phase 1 completed
[25%] Optimizing Phase 2 completed
Running inference ...
[30%] Inferring Phase 0 completed
[40%] Inferring Phase 1 completed
[50%] Inferring Phase 2 completed
[55%] Inferring Phase 3 completed
Running technical mapping ...
[60%] Tech-Mapping Phase 0 completed
[65%] Tech-Mapping Phase 1 completed
[75%] Tech-Mapping Phase 2 completed
[80%] Tech-Mapping Phase 3 completed
[90%] Tech-Mapping Phase 4 completed
[95%] Generate netlist file "C:\OneDrive\Prog\FPGA\Gowin\TangNano4k\Int_Clk\impl\gwsynthesis\Int_Clk.vg" completed
[100%] Generate report file "C:\OneDrive\Prog\FPGA\Gowin\TangNano4k\Int_Clk\impl\gwsynthesis\Int_Clk_syn.rpt.html" completed
GowinSynthesis finish
