Reading netlist file: "C:\OneDrive\Prog\FPGA\Gowin\TangNano4k\Int_Clk\impl\gwsynthesis\Int_Clk.vg"
Parsing netlist file "C:\OneDrive\Prog\FPGA\Gowin\TangNano4k\Int_Clk\impl\gwsynthesis\Int_Clk.vg" completed
Processing netlist completed
Reading constraint file: "C:\OneDrive\Prog\FPGA\Gowin\TangNano4k\Int_Clk\src\Int_Clk.cst"
Physical Constraint parsed completed
Running placement......
[10%] Placement Phase 0 completed
[20%] Placement Phase 1 completed
[30%] Placement Phase 2 completed
[50%] Placement Phase 3 completed
Running routing......
[60%] Routing Phase 0 completed
[70%] Routing Phase 1 completed
[80%] Routing Phase 2 completed
[90%] Routing Phase 3 completed
Running timing analysis......
[95%] Timing analysis completed
Placement and routing completed
Bitstream generation in progress......
Bitstream generation completed
Running power analysis......
[100%] Power analysis completed
Generate file "C:\OneDrive\Prog\FPGA\Gowin\TangNano4k\Int_Clk\impl\pnr\Int_Clk.power.html" completed
Generate file "C:\OneDrive\Prog\FPGA\Gowin\TangNano4k\Int_Clk\impl\pnr\Int_Clk.pin.html" completed
Generate file "C:\OneDrive\Prog\FPGA\Gowin\TangNano4k\Int_Clk\impl\pnr\Int_Clk.rpt.html" completed
Generate file "C:\OneDrive\Prog\FPGA\Gowin\TangNano4k\Int_Clk\impl\pnr\Int_Clk.rpt.txt" completed
Generate file "C:\OneDrive\Prog\FPGA\Gowin\TangNano4k\Int_Clk\impl\pnr\Int_Clk.tr.html" completed
Fri May 15 04:12:22 2026

